

 M A C C - N - C H E E S E   C O M P I L E R   L I S T I N G

					   Team HomeAID
					   Version 2016

		   Generated code is SAM assembly language for
				the MACC2 virtual computer.
 _______________________________________________________________

 May 03, 2016 at 03:33 PM
 Source file: test.mnc

 LINE #
                    LDA	R15,VARS
     1  decs {
     2  	int: a, b, c;
     3  	float: t;
     4  	cheese: y, z;
     5  }
     6  
     7  a = 10;
     8  
     9  while (a > 0)
    10  	a = a - 1;
    11  	shout "candy", a;
                    LABEL	STM0
LD	R4, L1T0
LD	R5, L7T0
IC	R4, R5
JGT	JMP0
JMP	END0
LABEL	JMP0
LD	R0, L1T0
STO	R0, L1T0
LD	R7, L1T0
IS	R7, L1T1
STO	R7, L1T0
WRST	L8T0
WRI	L1T1
WRNL	
JMP	STM0
LABEL	END0

    12  end         Ì
                    HALT	
                    % Data Area ------------
% ----------------------
LABEL	LBL1
INT	0
LABEL	L1T0
INT	10
LABEL	L1T1
INT	1
LABEL	LBL7
INT	0
LABEL	L7T0
INT	0
LABEL	LBL8
SKIP	50
LABEL	L8T0
STRING	"candy"

                    LABEL	VARS
                    SKIP	2


 _____________________________________________
 <><><><>   S Y M B O L   T A B L E   <><><><>

 Relative
 Address      Identifier
 --------     --------------------------------
 _____________________________________________

 Normal successful compilation.
